[ 2026-06-21 22:20:49,110 ] 309 watchfiles.main - INFO - 4 changes detected
[ 2026-06-21 22:21:04,126 ] 309 watchfiles.main - INFO - 1 change detected
[ 2026-06-21 22:30:12,273 ] 309 watchfiles.main - INFO - 4 changes detected
[ 2026-06-21 22:30:12,446 ] 20 __mp_main__ - INFO - Shutting down gracefully...
[ 2026-06-21 22:30:12,447 ] 20 program - INFO - Shutting down gracefully...
[ 2026-06-21 22:30:14,880 ] 309 watchfiles.main - INFO - 1 change detected
[ 2026-06-21 22:30:15,234 ] 309 watchfiles.main - INFO - 6 changes detected
[ 2026-06-21 22:30:27,316 ] 309 watchfiles.main - INFO - 1 change detected
[ 2026-06-21 22:30:31,261 ] 30 app - INFO - FastAPI app created successfully
[ 2026-06-21 22:30:31,373 ] 13 __mp_main__ - INFO - Starting up ChatBot...
[ 2026-06-21 22:30:31,374 ] 16 __mp_main__ - INFO - All routers registered. App ready.
[ 2026-06-21 22:30:31,375 ] 13 program - INFO - Starting up ChatBot...
[ 2026-06-21 22:30:31,375 ] 16 program - INFO - All routers registered. App ready.
[ 2026-06-21 22:30:31,389 ] 29 Services.IngectionService - INFO - Inside the directoryLoad function in IngetionService
[ 2026-06-21 22:30:31,418 ] 309 watchfiles.main - INFO - 1 change detected
[ 2026-06-21 22:30:32,954 ] 230 langchain_community.document_loaders.directory - WARNING - Error loading file D:\CXNotes\100 days ML Notes v2.pdf: partition_pdf() is not available because one or more dependencies are not installed. Use: pip install "unstructured[pdf]" (including quotes) to install the required dependencies
[ 2026-06-21 22:30:32,964 ] 39 Services.IngectionService - INFO - Folder loaded successfully: D:\\CXNotes
[ 2026-06-21 22:30:37,790 ] 309 watchfiles.main - INFO - 1 change detected
[ 2026-06-21 22:30:50,417 ] 309 watchfiles.main - INFO - 1 change detected
[ 2026-06-21 22:31:17,354 ] 309 watchfiles.main - INFO - 1 change detected
[ 2026-06-21 22:31:34,105 ] 309 watchfiles.main - INFO - 1 change detected
[ 2026-06-21 22:32:20,217 ] 309 watchfiles.main - INFO - 1 change detected
[ 2026-06-22 00:13:54,027 ] 309 watchfiles.main - INFO - 1 change detected
[ 2026-06-22 00:13:57,132 ] 20 __mp_main__ - INFO - Shutting down gracefully...
[ 2026-06-22 00:13:57,132 ] 20 program - INFO - Shutting down gracefully...
[ 2026-06-22 00:14:17,752 ] 30 app - INFO - FastAPI app created successfully
[ 2026-06-22 00:14:24,519 ] 30 app - INFO - FastAPI app created successfully
[ 2026-06-22 00:14:24,593 ] 13 __mp_main__ - INFO - Starting up ChatBot...
[ 2026-06-22 00:14:24,593 ] 16 __mp_main__ - INFO - All routers registered. App ready.
[ 2026-06-22 00:14:24,593 ] 13 program - INFO - Starting up ChatBot...
[ 2026-06-22 00:14:24,594 ] 16 program - INFO - All routers registered. App ready.
[ 2026-06-22 00:14:24,609 ] 309 watchfiles.main - INFO - 1 change detected
[ 2026-06-22 00:14:47,758 ] 309 watchfiles.main - INFO - 4 changes detected
[ 2026-06-22 00:14:47,911 ] 20 __mp_main__ - INFO - Shutting down gracefully...
[ 2026-06-22 00:14:47,911 ] 20 program - INFO - Shutting down gracefully...
[ 2026-06-22 00:14:49,561 ] 309 watchfiles.main - INFO - 1 change detected
[ 2026-06-22 00:14:49,921 ] 309 watchfiles.main - INFO - 6 changes detected
[ 2026-06-22 00:14:59,997 ] 30 app - INFO - FastAPI app created successfully
[ 2026-06-22 00:15:00,073 ] 13 __mp_main__ - INFO - Starting up ChatBot...
[ 2026-06-22 00:15:00,073 ] 16 __mp_main__ - INFO - All routers registered. App ready.
[ 2026-06-22 00:15:00,074 ] 13 program - INFO - Starting up ChatBot...
[ 2026-06-22 00:15:00,074 ] 16 program - INFO - All routers registered. App ready.
[ 2026-06-22 00:15:00,109 ] 309 watchfiles.main - INFO - 1 change detected
[ 2026-06-22 00:15:02,799 ] 309 watchfiles.main - INFO - 1 change detected
[ 2026-06-22 00:15:17,865 ] 309 watchfiles.main - INFO - 1 change detected
[ 2026-06-22 00:15:32,876 ] 309 watchfiles.main - INFO - 1 change detected
[ 2026-06-22 00:15:47,928 ] 309 watchfiles.main - INFO - 1 change detected
[ 2026-06-22 00:16:02,966 ] 309 watchfiles.main - INFO - 1 change detected
[ 2026-06-22 00:16:09,249 ] 309 watchfiles.main - INFO - 1 change detected
[ 2026-06-22 00:16:30,261 ] 309 watchfiles.main - INFO - 4 changes detected
[ 2026-06-22 00:16:30,388 ] 20 __mp_main__ - INFO - Shutting down gracefully...
[ 2026-06-22 00:16:30,389 ] 20 program - INFO - Shutting down gracefully...
[ 2026-06-22 00:16:32,691 ] 309 watchfiles.main - INFO - 1 change detected
[ 2026-06-22 00:16:33,053 ] 309 watchfiles.main - INFO - 6 changes detected
[ 2026-06-22 00:16:45,229 ] 309 watchfiles.main - INFO - 1 change detected
[ 2026-06-22 00:16:45,791 ] 309 watchfiles.main - INFO - 1 change detected
[ 2026-06-22 00:16:46,838 ] 30 app - INFO - FastAPI app created successfully
[ 2026-06-22 00:16:46,907 ] 13 __mp_main__ - INFO - Starting up ChatBot...
[ 2026-06-22 00:16:46,907 ] 16 __mp_main__ - INFO - All routers registered. App ready.
[ 2026-06-22 00:16:46,907 ] 13 program - INFO - Starting up ChatBot...
[ 2026-06-22 00:16:46,908 ] 16 program - INFO - All routers registered. App ready.
[ 2026-06-22 00:16:46,916 ] 29 Services.IngectionService - INFO - Inside the directoryLoad function in IngetionService
[ 2026-06-22 00:16:46,917 ] 31 Services.IngectionService - INFO - Folder path is : D:\\CXNotes
[ 2026-06-22 00:16:46,959 ] 309 watchfiles.main - INFO - 1 change detected
[ 2026-06-22 00:16:47,543 ] 230 langchain_community.document_loaders.directory - WARNING - Error loading file D:\CXNotes\100 days ML Notes v2.pdf: partition_pdf() is not available because one or more dependencies are not installed. Use: pip install "unstructured[pdf]" (including quotes) to install the required dependencies
[ 2026-06-22 00:16:47,546 ] 41 Services.IngectionService - WARNING - No documents were loaded from: D:\\CXNotes
[ 2026-06-22 00:17:05,863 ] 309 watchfiles.main - INFO - 1 change detected
[ 2026-06-22 00:17:07,072 ] 309 watchfiles.main - INFO - 1 change detected
[ 2026-06-22 00:18:22,980 ] 309 watchfiles.main - INFO - 1 change detected
[ 2026-06-22 00:18:26,771 ] 309 watchfiles.main - INFO - 1 change detected
[ 2026-06-22 00:20:18,013 ] 309 watchfiles.main - INFO - 1 change detected
[ 2026-06-22 00:20:21,118 ] 309 watchfiles.main - INFO - 1 change detected
[ 2026-06-22 00:20:23,293 ] 309 watchfiles.main - INFO - 1 change detected
[ 2026-06-22 00:20:28,270 ] 29 Services.IngectionService - INFO - Inside the directoryLoad function in IngetionService
[ 2026-06-22 00:20:28,270 ] 31 Services.IngectionService - INFO - Folder path is : D:\\CXNotes
[ 2026-06-22 00:20:29,567 ] 230 langchain_community.document_loaders.directory - WARNING - Error loading file D:\CXNotes\100 days ML Notes v2.pdf: partition_pdf() is not available because one or more dependencies are not installed. Use: pip install "unstructured[pdf]" (including quotes) to install the required dependencies
[ 2026-06-22 00:20:29,575 ] 41 Services.IngectionService - WARNING - No documents were loaded from: D:\\CXNotes
[ 2026-06-22 00:20:34,809 ] 309 watchfiles.main - INFO - 1 change detected
[ 2026-06-22 00:21:16,473 ] 20 __mp_main__ - INFO - Shutting down gracefully...
[ 2026-06-22 00:21:16,474 ] 20 program - INFO - Shutting down gracefully...
[ 2026-06-22 00:22:57,905 ] 29 __main__ - INFO - Inside the directoryLoad function in IngetionService
[ 2026-06-22 00:22:57,905 ] 31 __main__ - INFO - Folder path is : D:\CXNotes
[ 2026-06-22 00:23:02,561 ] 230 langchain_community.document_loaders.directory - WARNING - Error loading file D:\CXNotes\100 days ML Notes v2.pdf: No module named 'unstructured_inference'
[ 2026-06-22 00:23:02,566 ] 41 __main__ - WARNING - No documents were loaded from: D:\CXNotes
[ 2026-06-22 00:30:41,543 ] 29 __main__ - INFO - Inside the directoryLoad function in IngetionService
[ 2026-06-22 00:30:41,543 ] 31 __main__ - INFO - Folder path is : D:\CXNotes
[ 2026-06-22 00:31:16,897 ] 37 __main__ - INFO - Loaded 2434 documents from: D:\CXNotes
[ 2026-06-22 00:31:46,224 ] 30 app - INFO - FastAPI app created successfully
[ 2026-06-22 00:31:53,577 ] 30 app - INFO - FastAPI app created successfully
[ 2026-06-22 00:31:53,678 ] 309 watchfiles.main - INFO - 1 change detected
[ 2026-06-22 00:31:53,679 ] 13 __mp_main__ - INFO - Starting up ChatBot...
[ 2026-06-22 00:31:53,679 ] 16 __mp_main__ - INFO - All routers registered. App ready.
[ 2026-06-22 00:31:53,680 ] 13 program - INFO - Starting up ChatBot...
[ 2026-06-22 00:31:53,680 ] 16 program - INFO - All routers registered. App ready.
[ 2026-06-22 00:32:09,425 ] 309 watchfiles.main - INFO - 1 change detected
[ 2026-06-22 00:32:13,788 ] 29 Services.IngectionService - INFO - Inside the directoryLoad function in IngetionService
[ 2026-06-22 00:32:13,789 ] 31 Services.IngectionService - INFO - Folder path is : D:\\CXNotes
[ 2026-06-22 00:32:24,181 ] 309 watchfiles.main - INFO - 1 change detected
[ 2026-06-22 00:32:39,236 ] 309 watchfiles.main - INFO - 1 change detected
[ 2026-06-22 00:32:54,268 ] 309 watchfiles.main - INFO - 1 change detected
[ 2026-06-22 00:33:09,313 ] 309 watchfiles.main - INFO - 1 change detected
[ 2026-06-22 00:33:24,335 ] 309 watchfiles.main - INFO - 1 change detected
[ 2026-06-22 00:33:39,412 ] 309 watchfiles.main - INFO - 1 change detected
[ 2026-06-22 00:33:51,480 ] 309 watchfiles.main - INFO - 1 change detected
[ 2026-06-22 00:33:53,996 ] 37 Services.IngectionService - INFO - Loaded 2434 documents from: D:\\CXNotes
[ 2026-06-22 00:34:09,028 ] 309 watchfiles.main - INFO - 1 change detected
[ 2026-06-22 00:34:23,746 ] 309 watchfiles.main - INFO - 1 change detected
[ 2026-06-22 00:34:38,764 ] 309 watchfiles.main - INFO - 1 change detected
[ 2026-06-22 00:34:45,580 ] 309 watchfiles.main - INFO - 1 change detected
[ 2026-06-22 00:34:47,356 ] 20 __mp_main__ - INFO - Shutting down gracefully...
[ 2026-06-22 00:34:47,356 ] 20 program - INFO - Shutting down gracefully...
